# æ™ºæ±‡æ ¸v1.9.0è¯¦ç»†éƒ¨ç½²æ–‡æ¡£
### ä¸€ã€å‡†å¤‡å·¥ä½œ
- æœåŠ¡å™¨è¦æ±‚

```
æœåŠ¡å™¨æŒ‡æ ‡    			è¦æ±‚
ç³»ç»Ÿ				Centos7ç³»ç»Ÿç‰ˆæœ¬ä»¥ä¸Š
ç³»ç»Ÿç£ç›˜				è‡³å°‘500G
ç³»ç»Ÿå†…å­˜				è‡³å°‘40G
ç³»ç»ŸCPU			   è‡³å°‘20C
ç³»ç»ŸæŒ‡ä»¤é›†			éœ€æ”¯æŒAVX
```
- æ•°æ®å‡†å¤‡

```
ç‰ˆæœ¬é•œåƒåŒ…åœ¨ç‰©ç†æœº 10.0.3.24:22 
 root/root123  /mnt/mfs/version_management/nlp_1.9.1 ç›®å½•ä¸‹

é•œåƒæ–‡ä»¶images - /stable/images/
	baseimage_mysq_generic.v5.7.tar.gz	Mysqlé•œåƒ(æœåŠ¡è‡ªå¯)
	baseimage_redis_generic.v2.8.13.tar.gz	Redisé•œåƒ(æœåŠ¡è‡ªå¯)
	baseimage_elk_generic.v6.5.4.tar.gz	ELKé•œåƒ(æœåŠ¡è‡ªå¯)
	baseimage_bert_generic.v1.9.6.tar.gz 	Berté•œåƒ(æœåŠ¡è‡ªå¯)
	baseimage.cwtap.v1.8.1.tar.gz	æ™ºæ±‡æ ¸åº”ç”¨é•œåƒ
é¢„ç½®æ–‡ä»¶	
	mnt.mfs.1.8.1.tar.gz	mfsé¢„ç½®æ–‡ä»¶
æ•°æ®åº“åˆå§‹åŒ–æ–‡ä»¶ï¼Œcenlpå’Œcwtapåº“åˆå§‹åŒ–sql
	cenlp.sql
	v1.8.1.cwtap.sql	
Dockerå®‰è£…åŒ…	
	docker_repo.zip
docker rancherç¼–æ’æ–‡ä»¶	
	compose.zip
		- docker-compose.yml
		- rancher-compose.yml

```
- æ›´æ”¹å®¿ä¸»æœºå

```
 # è®¾ç½®ä¸»æœºå
[root@localhost ~]# hostnamectl set-hostname rancher-server
[root@localhost ~]#

# é‡æ–°è¿›å…¥ç»ˆç«¯åæ˜¾ç¤º
[root@rancher-server ~]#

```
- å…³é—­é˜²ç«å¢™

```
# æ°¸ä¹…å…³é—­é˜²ç«å¢™
[root@rancher-server ~]# systemctl stop firewalld  && systemctl disable firewalld  && systemctl status firewalld
â— firewalld.service - firewalld - dynamic firewall daemon
   Loaded: loaded (/usr/lib/systemd/system/firewalld.service; disabled; vendor preset: enabled)
   Active: inactive (dead)
     Docs: man:firewalld(1)
[root@rancher-server ~]# 

```
- å…³é—­selinux

```
# æ°¸ä¹…å…³é—­selinux
[root@rancher-server ~]# 
[root@rancher-server ~]# setenforce 0  || sed -i 's/enforcing/disabled/g' /etc/selinux/config  && sed -i 's/permissive/disabled/g' /etc/selinux/config  && getenforce
setenforce: SELinux is disabled
Disabled
[root@rancher-server ~]#
```
### äºŒã€Dockerå®‰è£…
- å®‰è£…åŒ…å‡†å¤‡

```
# å°†dockerå®‰è£…åŒ…/mnt/mfs/version_management/nlp_1.8.1/stable/docker_repo.zipæ”¾åˆ°/home/ä¸‹
- æ”¾åˆ°/home/ç›®å½•ä¸‹çš„åŸå› æ˜¯ï¼šdocker_repo.zipä¸­çš„dockeræºæ–‡ä»¶docker-ce-local.repoä¸­çš„æºæ–‡ä»¶è·¯å¾„ä¸º/home/docker/

- docker-ce-local.repoæ–‡ä»¶å†…å®¹å¦‚ä¸‹ï¼š
	[docker]
	name=docker_local
	baseurl=file:///home/docker/
	gpgcheck=0
	enabled=1
```
```
# æ‰§è¡Œå‘½ä»¤
# åˆ‡æ¢ç›®å½•
[root@rancher-server ~]# cd /home/
# è§£å‹
[root@rancher-server home]# unzip docker_repo.zip
# æ£€æŸ¥
[root@rancher-server home]# ll
æ€»ç”¨é‡ 143092
-rw-r--r-- 1 root root   255648 11æœˆ 12 2018 audit-2.8.4-4.el7.x86_64.rpm
-rw-r--r-- 1 root root   102448 11æœˆ 12 2018 audit-libs-2.8.4-4.el7.x86_64.rpm
-rw-r--r-- 1 root root    78216 11æœˆ 12 2018 audit-libs-python-2.8.4-4.el7.x86_64.rpm
-rw-r--r-- 1 root root   302068 11æœˆ 12 2018 checkpolicy-2.5-8.el7.x86_64.rpm
-rw-r--r-- 1 root root 23157088 11æœˆ  8 2018 containerd.io-1.2.0-3.el7.x86_64.rpm
-rw-r--r-- 1 root root    38436 12æœˆ  1 2018 container-selinux-2.74-1.el7.noarch.rpm
-rw-r--r-- 1 root root    95840 8æœˆ  10 2017 createrepo-0.9.9-28.el7.noarch.rpm
-rw-r--r-- 1 root root    83984 7æœˆ   4 2014 deltarpm-3.6-3.el7.x86_64.rpm
-rw-r--r-- 1 root root   299288 11æœˆ 21 2018 device-mapper-1.02.149-10.el7_6.2.x86_64.rpm
-rw-r--r-- 1 root root   192328 11æœˆ 21 2018 device-mapper-event-1.02.149-10.el7_6.2.x86_64.rpm
-rw-r--r-- 1 root root   191868 11æœˆ 21 2018 device-mapper-event-libs-1.02.149-10.el7_6.2.x86_64.rpm
-rw-r--r-- 1 root root   327236 11æœˆ 21 2018 device-mapper-libs-1.02.149-10.el7_6.2.x86_64.rpm
-rw-r--r-- 1 root root   414576 4æœˆ  25 2018 device-mapper-persistent-data-0.7.3-3.el7.x86_64.rpm
-rw-r--r-- 1 root root 19603880 11æœˆ  8 2018 docker-ce-18.09.0-3.el7.x86_64.rpm
-rw-r--r-- 1 root root 72149679 8æœˆ  12 11:18 docker-ce-18-local.tar.gz
-rw-r--r-- 1 root root 14676972 11æœˆ  8 2018 docker-ce-cli-18.09.0-3.el7.x86_64.rpm
-rw-r--r-- 1 root root     1627 10æœˆ 25 2018 gpg
-rw-r--r-- 1 root root    67652 11æœˆ 12 2018 libcgroup-0.41-20.el7.x86_64.rpm
-rw-r--r-- 1 root root    56988 8æœˆ  11 2017 libseccomp-2.3.1-3.el7.x86_64.rpm
-rw-r--r-- 1 root root   165932 11æœˆ 12 2018 libselinux-2.5-14.1.el7.x86_64.rpm
-rw-r--r-- 1 root root   241132 11æœˆ 12 2018 libselinux-python-2.5-14.1.el7.x86_64.rpm
-rw-r--r-- 1 root root   155092 11æœˆ 12 2018 libselinux-utils-2.5-14.1.el7.x86_64.rpm
-rw-r--r-- 1 root root   154244 11æœˆ 12 2018 libsemanage-2.5-14.el7.x86_64.rpm
-rw-r--r-- 1 root root   115284 11æœˆ 12 2018 libsemanage-python-2.5-14.el7.x86_64.rpm
-rw-r--r-- 1 root root   304196 11æœˆ 12 2018 libsepol-2.5-10.el7.x86_64.rpm
-rw-r--r-- 1 root root   252528 6æœˆ  24 2016 libxml2-python-2.9.1-6.el7_2.3.x86_64.rpm
-rw-r--r-- 1 root root  1366568 11æœˆ 21 2018 lvm2-2.02.180-10.el7_6.2.x86_64.rpm
-rw-r--r-- 1 root root  1125716 11æœˆ 21 2018 lvm2-libs-2.02.180-10.el7_6.2.x86_64.rpm
-rw-r--r-- 1 root root   937868 11æœˆ 12 2018 policycoreutils-2.5-29.el7.x86_64.rpm
-rw-r--r-- 1 root root   466616 11æœˆ 12 2018 policycoreutils-python-2.5-29.el7.x86_64.rpm
-rw-r--r-- 1 root root   232224 7æœˆ  23 2015 python-chardet-2.2.1-1.el7_1.noarch.rpm
-rw-r--r-- 1 root root    32084 7æœˆ   4 2014 python-deltarpm-3.6-3.el7.x86_64.rpm
-rw-r--r-- 1 root root    32880 7æœˆ   4 2014 python-IPy-0.75-6.el7.noarch.rpm
-rw-r--r-- 1 root root   273012 7æœˆ   4 2014 python-kitchen-1.1.1-5.el7.noarch.rpm
drwxr-xr-x 2 root root     4096 1æœˆ   4 2019 repodata
-rw-r--r-- 1 root root   494472 11æœˆ 29 2018 selinux-policy-3.13.1-229.el7_6.6.noarch.rpm
-rw-r--r-- 1 root root  7245312 11æœˆ 29 2018 selinux-policy-targeted-3.13.1-229.el7_6.6.noarch.rpm
-rw-r--r-- 1 root root   635184 11æœˆ 12 2018 setools-libs-3.3.8-4.el7.x86_64.rpm
-rw-r--r-- 1 root root   124108 11æœˆ 12 2018 yum-utils-1.1.31-50.el7.noarch.rpm

# ç§»åŠ¨æºæ–‡ä»¶åˆ°æŒ‡å®šç›®å½•
[root@rancher-server home] cd /home/docker/
[root@rancher-server docker] mv docker-ce-local.repo /etc/yum.repos.d/
# æ¸…ç¼“å­˜
[root@rancher-server docker] yum clean all
    å·²åŠ è½½æ’ä»¶ï¼šfastestmirror
    æ­£åœ¨æ¸…ç†è½¯ä»¶æºï¼š docker
    Cleaning up list of fastest mirrors
    Other repos take up 82 M of disk space (use --verbose for details)
# åŠ è½½repo
[root@rancher-server docker] yum repolist
    å·²åŠ è½½æ’ä»¶ï¼šfastestmirror
    Determining fastest mirrors
    docker                       | 2.9 kB  00:00:00     
    docker/primary_db            |  59 kB  00:00:00     
    æºæ ‡è¯†                       æºåç§°             çŠ¶æ€
    docker                       docker_local               36
    repolist: 36
# æ£€æŸ¥
[root@rancher-server docker] yum list | grep docker-ce
    docker-ce.x86_64                      3:18.09.0-3.el7                  @docker  
    docker-ce-cli.x86_64                  1:18.09.0-3.el7                  @docker 
```
- å®‰è£…docker

```
# å®‰è£…å‘½ä»¤
[root@rancher-server ~]# yum -y install docker-ce
[...]
å·²å®‰è£…:
  docker-ce.x86_64 3:18.09.0-3.el7                                                                                                                                                                                                    

ä½œä¸ºä¾èµ–è¢«å®‰è£…:
  audit-libs-python.x86_64 0:2.8.4-4.el7  checkpolicy.x86_64 0:2.5-8.el7       container-selinux.noarch 2:2.74-1.el7       containerd.io.x86_64 0:1.2.0-3.el7  docker-ce-cli.x86_64 1:18.09.0-3.el7  libcgroup.x86_64 0:0.41-20.el7 
  libsemanage-python.x86_64 0:2.5-14.el7  policycoreutils.x86_64 0:2.5-29.el7  policycoreutils-python.x86_64 0:2.5-29.el7  python-IPy.noarch 0:0.75-6.el7      setools-libs.x86_64 0:3.3.8-4.el7    

å®Œæ¯•ï¼
# å¯åŠ¨docker
[root@rancher-server ~]# systemctl start docker
# æ£€æŸ¥docker
[root@rancher-server ~]# docker images
REPOSITORY          TAG                 IMAGE ID            CREATED             SIZE
# æ£€æŸ¥docker * 2
[root@rancher-server ~]# systemctl status docker
â— docker.service - Docker Application Container Engine
   Loaded: loaded (/usr/lib/systemd/system/docker.service; disabled; vendor preset: disabled)
   Active: active (running) since ä¸€ 2019-08-12 16:22:20 CST; 21min ago
     Docs: https://docs.docker.com
 Main PID: 28345 (dockerd)
    Tasks: 99
   Memory: 22.3G
   CGroup: /system.slice/docker.service
           â”œâ”€28345 /usr/bin/dockerd -H unix://
           â””â”€28372 containerd --config /var/run/docker/containerd/containerd.toml --log-level info

8æœˆ 12 16:22:20 zhijian-analysis-2 dockerd[28345]: time="2019-08-12T16:22:20.270041455+08:00" level=info msg="pickfirstBalancer: HandleSubConnStateChange: 0xc4208021e0, READY" module=grpc
8æœˆ 12 16:22:20 zhijian-analysis-2 dockerd[28345]: time="2019-08-12T16:22:20.312675426+08:00" level=info msg="Graph migration to content-addressability took 0.00 seconds"
8æœˆ 12 16:22:20 zhijian-analysis-2 dockerd[28345]: time="2019-08-12T16:22:20.317205723+08:00" level=info msg="Loading containers: start."
8æœˆ 12 16:22:20 zhijian-analysis-2 dockerd[28345]: time="2019-08-12T16:22:20.464684428+08:00" level=info msg="Default bridge (docker0) is assigned with an IP address 172.17.0.0/16. Daemon option --bip can be use...red IP address"
8æœˆ 12 16:22:20 zhijian-analysis-2 dockerd[28345]: time="2019-08-12T16:22:20.508263908+08:00" level=info msg="Loading containers: done."
8æœˆ 12 16:22:20 zhijian-analysis-2 dockerd[28345]: time="2019-08-12T16:22:20.556957414+08:00" level=info msg="Docker daemon" commit=4d60db4 graphdriver(s)=overlay2 version=18.09.0
8æœˆ 12 16:22:20 zhijian-analysis-2 dockerd[28345]: time="2019-08-12T16:22:20.557076857+08:00" level=info msg="Daemon has completed initialization"
8æœˆ 12 16:22:20 zhijian-analysis-2 dockerd[28345]: time="2019-08-12T16:22:20.567794860+08:00" level=warning msg="Could not register builder git source: failed to find git binary: exec: \"git\": executable file not found in $PATH"
8æœˆ 12 16:22:20 zhijian-analysis-2 dockerd[28345]: time="2019-08-12T16:22:20.575961387+08:00" level=info msg="API listen on /var/run/docker.sock"
8æœˆ 12 16:22:20 zhijian-analysis-2 systemd[1]: Started Docker Application Container Engine.
Hint: Some lines were ellipsized, use -l to show in full.	
```
- åŠ è½½é•œåƒ

```
å°†é•œåƒåŒ…æ”¾åˆ°ä»»æ„æ–‡ä»¶å¤¹ä¸‹ï¼šæœ¬æ–‡æ¡£ç¤ºä¾‹æ”¾åˆ° /mnt/images/ä¸‹
# åˆ‡æ¢ç›®å½•
[root@rancher-server ~]# cd /mnt/images/
# æ£€æŸ¥
[root@rancher-server images]# ll
æ€»ç”¨é‡ 45704198
-rw------- 1 root root  6655580672 6æœˆ  29 18:06 baseimage_bert_generic.v1.9.6.tar.gz
-rw------- 1 root root 36556067840 7æœˆ   1 15:42 baseimage_cwtap.v1.9.0.tar.gz
-rw------- 1 root root  2372410368 6æœˆ  30 15:09 baseimage_elk_generic.v6.5.4.tar.gz
-rw------- 1 root root   440163328 6æœˆ  29 18:08 baseimage_mysq_generic.v5.7.tar.gz
-rw------- 1 root root   776876032 6æœˆ  29 18:09 baseimage_redis_generic.v2.8.13.tar.gz
[root@rancher-server images]#
# å°†é•œåƒå¯¼å…¥åˆ°dockerä¸­
[root@rancher-server images]# for i in `ls *tar.gz`; do docker load < $i; done
[root@rancher-server images]# for i in `ls *tar.gz`; do docker load < $i; done
[â€¦â€¦]
f66ed577df6e: Loading layer [==================================================>]  58.48MB/58.48MB
f25045e2d47d: Loading layer [==================================================>]  338.4kB/338.4kB
0312e0db70e2: Loading layer [==================================================>]  10.44MB/10.44MB
[â€¦â€¦]
[root@rancher-server images]#
# æŸ¥çœ‹å¯¼å…¥çš„é•œåƒ
[root@rancher-server images]# docker images
baseimage/cwtap                 1.9.0               9056d0284683        6 weeks ago         36.4GB
baseimage/bert_generic          1.9.6               f0f18a9ad939        7 months ago        6.61GB
baseimage/redis_generic         2.8.13              aea5b86916b6        7 months ago        758MB
baseimage/elk_generic           6.5.4               e00927ff4bd6        9 months ago        2.78GB
baseimage/mysql                 5.7                 d675b4039743        16 months ago       435MB
```
### ä¸‰ã€rancherç®¡ç†
- åˆ›å»ºrancher
- rancherç•Œé¢è®¾ç½®
- åˆ›å»ºrancheré•œåƒ

```
# æ£€æŸ¥é•œåƒ
[root@rancher-server ~]#  docker ps
CONTAINER ID        IMAGE                             COMMAND                  CREATED             STATUS              PORTS                              NAMES

# è¿è¡Œrancheré•œåƒï¼Œç‰©ç†æœºä¸Šæ‰§è¡Œä¸‹é¢å‘½ä»¤å³å¯
[root@rancher-server ~]#  docker run -d --restart=unless-stopped -p 6060:8080 rancher/server:stable
# å†æ¬¡æ£€æŸ¥
[root@rancher-server ~]#  docker ps
CONTAINER ID        IMAGE                             COMMAND                  CREATED             STATUS              PORTS                              NAMES
f33a4318573b        rancher/net:v0.13.17              "/rancher-entrypointâ€¦"   2 months ago        Up 2 months                                            r-ipsec-ipsec-router-1-db440cc3
14d3a4480555        rancher/net:v0.13.17              "/rancher-entrypointâ€¦"   2 months ago        Up 2 months                                            r-ipsec-ipsec-connectivity-check-1-82ce6112
1e1bd1f5d562        rancher/dns:v0.17.4               "/rancher-entrypointâ€¦"   2 months ago        Up 2 months                                            r-network-services-metadata-dns-1-975a7c00
748bab0dd6d4        rancher/net:holder                "/.r/r /rancher-entrâ€¦"   2 months ago        Up 2 months                                            r-ipsec-ipsec-1-9f647ff6
1054d9cf7130        rancher/metadata:v0.10.4          "/rancher-entrypointâ€¦"   2 months ago        Up 2 months                                            r-network-services-metadata-1-7282873b
d8d210a74625        rancher/network-manager:v0.7.22   "/rancher-entrypointâ€¦"   2 months ago        Up 2 months                                            r-network-services-network-manager-1-12976799
e3108209c63b        rancher/net:v0.13.17              "/rancher-entrypointâ€¦"   2 months ago        Up 2 months                                            r-ipsec-cni-driver-1-1b8e2193
2d0ed162ff67        rancher/server:stable             "/usr/bin/entry /usrâ€¦"   2 months ago        Up 2 months         3306/tcp, 0.0.0.0:6060->8080/tcp   eager_mirzakhani
[root@rancher-server ~]#

```
- rancher ç•Œé¢è®¾ç½®  http://ip:6060

> - è®¾ç½®è®¿é—®æ§åˆ¶
![å±å¹•å¿«ç…§ 20210702 ä¸Šåˆ11.39.48.png](1)
> - æ³¨é”€é‡æ–°ç™»å½•
![å±å¹•å¿«ç…§ 20210702 ä¸Šåˆ11.40.51.png](2)
> - æ·»åŠ ä¸»æœºï¼ˆé¦–æ¬¡æ·»åŠ ï¼Œå½“å‰ç«™ç‚¹åœ°å€è‡ªåŠ¨è¯†åˆ«ï¼‰
![å±å¹•å¿«ç…§ 20210702 ä¸Šåˆ11.41.00.png](4)
![å±å¹•å¿«ç…§ 20210702 ä¸Šåˆ11.43.45.png](5)
> - ç‰©ç†ç•Œä¸­æ·»åŠ æ‰§è¡Œå‘½ä»¤
![å±å¹•å¿«ç…§ 20210702 ä¸Šåˆ11.45.40.png](8)
> - æŸ¥çœ‹ä¸»æœºæ˜¯å¦æ·»åŠ æˆåŠŸ
![å±å¹•å¿«ç…§ 20210702 ä¸Šåˆ11.46.28.png](9)
> - æ·»åŠ CWTAPé¡¹ç›®åº”ç”¨
![å±å¹•å¿«ç…§ 20210702 ä¸Šåˆ11.49.17.png](11)
![å±å¹•å¿«ç…§ 20210702 ä¸Šåˆ11.49.47.png](12)
- æ·»åŠ æœåŠ¡
```
##ç¬¬ä¸€ç§ï¼šæ‰‹åŠ¨æ·»åŠ å„ç±»æœåŠ¡
åœ¨rancheråº”ç”¨ç•Œé¢ç‚¹å‡»æ·»åŠ æœåŠ¡æŒ‰é’®ï¼Œä¾æ¬¡åˆ›å»ºä»¥ä¸‹æœåŠ¡
    - mysql
	- åç§°ï¼šmysql
	- æè¿°ï¼šxxx
	- é€‰æ‹©é•œåƒï¼šbaseimage/mysql_generic:5.7  (å»æ‰åˆ›å»ºå‰æ€»æ˜¯æ‹‰å–é•œåƒ)
	- ç«¯å£æ˜ å°„ï¼š13306 -> 3306
	- å‘½ä»¤
		ç¯å¢ƒå˜é‡ï¼š  MYSQL_ROOT_PASSWORD = root123
	- ç½‘ç»œ
		- ç½‘ç»œï¼š æ‰˜ç®¡
		- ä¸»æœºåï¼šè®¾ç½®ä¸»æœºå  mysql
	- å®‰å…¨/ä¸»æœº
		- ç‰¹æƒï¼šä¸»æœºå®‰å…¨è®¿é—®ç‰¹æƒ(å‹¾ä¸Š)
						
					
    - redis
	- åç§°ï¼šredis
	- æè¿°ï¼šxxx
	- é€‰æ‹©é•œåƒï¼šbaseimage/redis_generic:2.8.13  (å»æ‰åˆ›å»ºå‰æ€»æ˜¯æ‹‰å–é•œåƒ)
	- ç«¯å£æ˜ å°„ï¼š16379 -> 6379
	- å‘½ä»¤ 
		- å‘½ä»¤ï¼š/usr/sbin/init
	- ç½‘ç»œ
		- ç½‘ç»œï¼š æ‰˜ç®¡
		- ä¸»æœºåï¼šè®¾ç½®ä¸»æœºå  redis
	å®‰å…¨/ä¸»æœº
		- ç‰¹æƒï¼šä¸»æœºå®‰å…¨è®¿é—®ç‰¹æƒ(å‹¾ä¸Š)

    - es
	- åç§°ï¼šes
	- æè¿°ï¼šxxx
	- é€‰æ‹©é•œåƒï¼šbaseimage/elk_generic:6.5.4  (å»æ‰åˆ›å»ºå‰æ€»æ˜¯æ‹‰å–é•œåƒ)
	- ç«¯å£æ˜ å°„ï¼š19200 -> 9200   15601 -> 5601
	- å‘½ä»¤ 
		- å‘½ä»¤ï¼š/usr/sbin/init
	- ç½‘ç»œ
		- ç½‘ç»œï¼š æ‰˜ç®¡
		- ä¸»æœºåï¼šè®¾ç½®ä¸»æœºå  es
	å®‰å…¨/ä¸»æœº
		- ç‰¹æƒï¼šä¸»æœºå®‰å…¨è®¿é—®ç‰¹æƒ(å‹¾ä¸Š)

    - bert
	- åç§°ï¼šbert
	- æè¿°ï¼šxxx
	- é€‰æ‹©é•œåƒï¼šbaseimage/bert_generic:1.9.6  (å»æ‰åˆ›å»ºå‰æ€»æ˜¯æ‹‰å–é•œåƒ)
	- ç«¯å£æ˜ å°„ï¼š15555 -> 5555   15556 -> 5556
	- å‘½ä»¤ 
		- å‘½ä»¤ï¼š/usr/sbin/init
	- ç½‘ç»œ
		- ç½‘ç»œï¼š æ‰˜ç®¡
		- ä¸»æœºåï¼šè®¾ç½®ä¸»æœºå  bert
	å®‰å…¨/ä¸»æœº
		- ç‰¹æƒï¼šä¸»æœºå®‰å…¨è®¿é—®ç‰¹æƒ(å‹¾ä¸Š)

    - master
	- åç§°ï¼šmaster
	- æè¿°ï¼šxxx
	- é€‰æ‹©é•œåƒï¼šbaseimage/cwtap:1.9.0  (å»æ‰åˆ›å»ºå‰æ€»æ˜¯æ‹‰å–é•œåƒ)
	- ç«¯å£æ˜ å°„ï¼š18088 -> 8088   18000 -> 8000  10022 -> 22  18888 -> 8888(é¢„ç•™ç«¯å£)
	- å‘½ä»¤ 
		- å‘½ä»¤ï¼š/usr/sbin/init
	- å·
		- å·ï¼šæ·»åŠ å· - ç‰©ç†æœºç›®å½•:containerç›®å½•
			eg:/mnt/mfs:/mnt/mfs
	- ç½‘ç»œ
		- ç½‘ç»œï¼š æ‰˜ç®¡
		- ä¸»æœºåï¼šè®¾ç½®ä¸»æœºå  master
	å®‰å…¨/ä¸»æœº
		- ç‰¹æƒï¼šä¸»æœºå®‰å…¨è®¿é—®ç‰¹æƒ(å‹¾ä¸Š)

```
```
## ç¬¬äºŒç§ï¼šdocker-composeæ·»åŠ 
é¦–å…ˆå…ˆå°†docker-compose.ymlå’Œrancher-compose.ymlä¸¤ä¸ªymlæ–‡ä»¶çš„å†…å®¹åšå¯¹åº”ä¿®æ”¹
**ä¿®æ”¹ç‚¹ä¸»è¦æ˜¯imageçš„åç§°å’Œç‰ˆæœ¬å·è¦å’Œç›¸åº”çš„imageså¯¹åº”ä¸Š**
docker-compose.ymlæ–‡ä»¶ç¤ºä¾‹ï¼š

version: '2'
services:
  mysql:
    image: baseimage/mysql_generic:5.7
    hostname: mysql
    environment:
      MYSQL_ROOT_PASSWORD: root123
    stdin_open: true
    volumes:
    - /mnt/mfs:/mnt/mfs
    tty: true
    ports:
    - 23306:3306/tcp
  bert:
    privileged: true
    image: baseimage/bert_generic:1.9.6
    hostname: bert
    stdin_open: true
    tty: true
    ports:
    - 25555:5555/tcp
    - 25556:5556/tcp
  es:
    privileged: true
    image: baseimage/elk_generic:6.5.4
    hostname: es
    stdin_open: true
    volumes:
    - /mnt/mfs:/mnt/mfs
    tty: true
    ports:
    - 29200:9200/tcp
    - 25601:5601/tcp
    command:
    - /usr/sbin/init
  redis:
    privileged: true
    image: baseimage/redis_generic:2.8.13
    hostname: redis
    stdin_open: true
    volumes:
    - /mnt/mfs:/mnt/mfs
    tty: true
    ports:
    - 26379:6379/tcp
    command:
    - /usr/sbin/init
  master:
    privileged: true
    image: baseimage/cwtap:1.8.1
    hostname: master
    stdin_open: true
    volumes:
    - /mnt/mfs:/mnt/mfs
    tty: true
    ports:
    - 20022:22/tcp
    - 28088:8088/tcp
    - 28000:8000/tcp
    - 28888:8888/tcp
    command:
    - /usr/sbin/init

rancher-compose.ymlæ–‡ä»¶ç¤ºä¾‹ï¼š

version: '2'
services:
  mysql:
    scale: 1
    start_on_create: true
  bert:
    scale: 1
    start_on_create: true
  es:
    scale: 1
    start_on_create: true
  redis:
    scale: 1
    start_on_create: true
  master:
    scale: 1
    start_on_create: true
	
```
### å››ã€å¯åŠ¨æœåŠ¡
- mysqlæœåŠ¡
```
# è‡ªå¯åŠ¨ æ£€æŸ¥æ–¹å¼
    - å®¢æˆ·ç«¯è¿æ¥æµ‹è¯•æ˜¯å¦å¯åŠ¨æˆåŠŸ
    - telnet ip port æµ‹è¯•
# åˆ›å»ºcwtapã€cenlpä¸¤ä¸ªåº“
    - CREATE DATABASE `cwtap` CHARACTER SET utf8 COLLATE utf8_general_ci;
    - CREATE DATABASE `cenlp` CHARACTER SET utf8 COLLATE utf8_general_ci;
```
- esæœåŠ¡ 
```
# esé•œåƒç°æœ‰ç»´æŠ¤è‡ªå¯åŠ¨å’Œéè‡ªå¯åŠ¨ä¸¤ä¸ªç‰ˆæœ¬
# ç‰ˆæœ¬åˆ¤æ–­
    - åœ¨eså®¹å™¨/etc/ç›®å½•ä¸‹å­˜åœ¨supervisord.confçš„ç‰ˆæœ¬ä¸ºè‡ªå¯ç‰ˆæœ¬ï¼Œå¦åˆ™ä¸ºéè‡ªå¯ç‰ˆæœ¬
# æ£€æŸ¥æœåŠ¡å¯åŠ¨æƒ…å†µ
    æµè§ˆå™¨æ£€æŸ¥
        - http://ip:port/
        - http://ip:port/app/kibana
    å‘½ä»¤è¡Œæ£€æŸ¥
	- curl 'htttp://127.0.0.1:9200' # å†…ç½‘æµ‹è¯•
	- curl 'http://ip:*9200' # å¤–ç½‘æµ‹è¯•
	- netstat -plant | grep 5601 # æŸ¥çœ‹kibanaè¿›ç¨‹
	- curl 'http://127.0.0.1:5601/app/kibana' # å†…ç½‘æµ‹è¯•
	- curl 'http://10.0.3.19:45601/app/kibana'  # å¤–ç½‘æµ‹è¯•
# è‡ªå¯åŠ¨ç‰ˆæœ¬supervisordåŸºæœ¬æ“ä½œå‘½ä»¤
    supervisord -c /etc/supervisord.confæ­¤æ—¶é»˜è®¤å¼€å¯äº†æ‰€æœ‰æœåŠ¡
    supervisorctl status æŸ¥çœ‹è¿›ç¨‹è¿è¡ŒçŠ¶æ€
    supervisorctl start è¿›ç¨‹å å¯åŠ¨è¿›ç¨‹
    supervisorctl stop è¿›ç¨‹å å…³é—­è¿›ç¨‹
    supervisorctl restart è¿›ç¨‹å é‡å¯è¿›ç¨‹
    supervisorctl update é‡æ–°è½½å…¥é…ç½®æ–‡ä»¶
    supervisorctl shutdown å…³é—­supervisord
    supervisorctl clear è¿›ç¨‹å æ¸…ç©ºè¿›ç¨‹æ—¥å¿—
    supervisorctl è¿›å…¥åˆ°äº¤äº’æ¨¡å¼ä¸‹ã€‚ä½¿ç”¨helpæŸ¥çœ‹æ‰€æœ‰å‘½ä»¤ã€‚
    start stop restart + all è¡¨ç¤ºå¯åŠ¨ï¼Œå…³é—­ï¼Œé‡å¯æ‰€æœ‰è¿›ç¨‹ã€‚

    å…³é—­æœåŠ¡ï¼š
    supervisorctl stop allå…ˆå…³é—­supervisoræœåŠ¡
    ä¹‹åå†å…³é—­supervisordæœåŠ¡ kill -9 pid    
# æ‰‹åŠ¨å¯åŠ¨ç‰ˆæœ¬å¯åŠ¨å‘½ä»¤
    **æ‰‹åŠ¨å¯åŠ¨esæ—¶éœ€è¦å…ˆåˆ‡æ¢ç”¨æˆ· su - elsearch**
    å¯åŠ¨elasticsearch
        cd /usr/local/elasticsearch-6.5.4/bin
        ./elasticsearch -d
        ps -ef|grep elasticsearch
    å¯åŠ¨kinaba
        cd /usr/local/kibana-6.5.4-linux-x86_64/bin
        nohup ./kibana &
        lsof -i:5601

```
- bertæœåŠ¡
```
# æœåŠ¡ä¸ºè‡ªå¯åŠ¨
 # bertå¯åŠ¨æ–¹å¼ï¼š
      è¿›å…¥bertå®¹å™¨ 
      cd /opt/bert/sbin 
      nohup sh sstart.sh &
# æ£€æŸ¥bertæœåŠ¡å¯åŠ¨æƒ…å†µ
      telnet ip port
```
- redisæœåŠ¡
```
# æœåŠ¡ä¸ºè‡ªå¯åŠ¨
# rediså¯åŠ¨æ–¹å¼ï¼š
    cd /usr/local/redis/bin
    nohup ./redis-server &
```
- masteræœåŠ¡
```
- cd /opt/CWTAP
- ä¿®æ”¹é…ç½® 
    - å…ˆæ£€æŸ¥sbin/init_ip.shè„šæœ¬é…ç½®æƒ…å†µï¼Œåšip:portçš„å¯¹åº”ä¿®æ”¹(è¯¦è§ä¸‹é¢ğŸ‘‡)
    - sh sbin/init_ip.sh 
- æ£€æŸ¥é…ç½®ä¿®æ”¹æƒ…å†µ 
    cwtap/settings.py
    webroot/WEB-INF/classes/common.properties
- åˆå§‹åŒ–æ•°æ®åº“
    - sh sbin/cwtap.sh init mysql 
- åŠ è½½fixturesæ–‡ä»¶æ•°æ®
     - sh sbin/cwtap.sh init fixtures
- æ„å»ºesç´¢å¼•
    - sh sbin/cwtap.sh init es 
- å¯åŠ¨nginx
    - cd /usr/local/nginx
    - sbin/nginx
- å¯åŠ¨javaæœåŠ¡
    - sh sbin/cwtap.sh start tomcat
- å¯åŠ¨Djangoé¡¹ç›®
    - sh sbin/cwtap.sh start python
- å¯åŠ¨websocketæœåŠ¡
    - sh sbin/cwtap.sh start daphne
- å¯åŠ¨celeryæœåŠ¡
    - sh sbin/cwtap.sh start celery
- å¯åŠ¨logstas
    - cd /opt/
    - cp -r /opt/logstash /opt/logstash2
    # å¯åŠ¨logstashç›‘æ§åˆ†æä»»åŠ¡è°ƒç”¨æ—¥å¿—æ–‡ä»¶
    - cd /opt/logstash 
    - nohup ./logstash-5.5.1/bin/logstash -f input_output_test.conf &
    # å¯åŠ¨logstashç›‘æ§å¯¹è¯å‘½ä¸­çŸ¥è¯†ã€å­åœºæ™¯ã€é—²èŠçš„æ—¥å¿—æ–‡ä»¶
    - cd /opt/logstash2/
    - nohup ./logstash-5.5.1/bin/logstash -f hot-degree.conf &
    # æ£€æŸ¥æ˜¯å¦å¯åŠ¨äº†ä¸¤ä¸ªlogstash
    - ps -ef|grep logstash
```
- é™„
- å¯åŠ¨masteræ—¶init_ip.shè„šæœ¬
- ![å›¾ç‰‡ 1.png](16)
